

================================================================
== Vitis HLS Report for 'flashattn_Pipeline_Read_K_and_V_VITIS_LOOP_35_2'
================================================================
* Date:           Wed Apr  9 14:21:24 2025

* Version:        2024.2 (Build 5238294 on Nov  8 2024)
* Project:        flash_attn
* Solution:       hls (Vivado IP Flow Target)
* Product family: zynq
* Target device:  xc7z020-clg400-1


================================================================
== Performance Estimates
================================================================
+ Timing: 
    * Summary: 
    +--------+----------+----------+------------+
    |  Clock |  Target  | Estimated| Uncertainty|
    +--------+----------+----------+------------+
    |ap_clk  |  10.00 ns|  6.321 ns|     2.70 ns|
    +--------+----------+----------+------------+

+ Latency: 
    * Summary: 
    +---------+---------+-----------+-----------+------+------+------------------------------------------------+
    |  Latency (cycles) |   Latency (absolute)  |   Interval  |                    Pipeline                    |
    |   min   |   max   |    min    |    max    |  min |  max |                      Type                      |
    +---------+---------+-----------+-----------+------+------+------------------------------------------------+
    |     4099|     4099|  40.990 us|  40.990 us|  4097|  4097|  loop auto-rewind stp (delay=0 clock cycles(s))|
    +---------+---------+-----------+-----------+------+------+------------------------------------------------+

    + Detail: 
        * Instance: 
        N/A

        * Loop: 
        +--------------------------------+---------+---------+----------+-----------+-----------+------+----------+
        |                                |  Latency (cycles) | Iteration|  Initiation Interval  | Trip |          |
        |            Loop Name           |   min   |   max   |  Latency |  achieved |   target  | Count| Pipelined|
        +--------------------------------+---------+---------+----------+-----------+-----------+------+----------+
        |- Read_K_and_V_VITIS_LOOP_35_2  |     4097|     4097|         3|          1|          1|  4096|       yes|
        +--------------------------------+---------+---------+----------+-----------+-----------+------+----------+



================================================================
== Utilization Estimates
================================================================
* Summary: 
+-----------------+---------+-----+--------+-------+-----+
|       Name      | BRAM_18K| DSP |   FF   |  LUT  | URAM|
+-----------------+---------+-----+--------+-------+-----+
|DSP              |        -|    -|       -|      -|    -|
|Expression       |        -|    -|       0|    106|    -|
|FIFO             |        -|    -|       -|      -|    -|
|Instance         |        -|    -|       -|      -|    -|
|Memory           |        -|    -|       -|      -|    -|
|Multiplexer      |        -|    -|       0|     72|    -|
|Register         |        -|    -|      44|      -|    -|
+-----------------+---------+-----+--------+-------+-----+
|Total            |        0|    0|      44|    178|    0|
+-----------------+---------+-----+--------+-------+-----+
|Available        |      280|  220|  106400|  53200|    0|
+-----------------+---------+-----+--------+-------+-----+
|Utilization (%)  |        0|    0|      ~0|     ~0|    0|
+-----------------+---------+-----+--------+-------+-----+

+ Detail: 
    * Instance: 
    N/A

    * DSP: 
    N/A

    * Memory: 
    N/A

    * FIFO: 
    N/A

    * Expression: 
    +---------------------------------------+----------+----+---+----+------------+------------+
    |             Variable Name             | Operation| DSP| FF| LUT| Bitwidth P0| Bitwidth P1|
    +---------------------------------------+----------+----+---+----+------------+------------+
    |add_ln33_1_fu_156_p2                   |         +|   0|  0|  14|          13|           1|
    |add_ln33_fu_173_p2                     |         +|   0|  0|  14|           7|           1|
    |add_ln35_fu_223_p2                     |         +|   0|  0|  14|           7|           1|
    |add_ln40_fu_217_p2                     |         +|   0|  0|  12|          12|          12|
    |ap_block_pp0_stage0_11001              |       and|   0|  0|   2|           1|           1|
    |icmp_ln33_fu_150_p2                    |      icmp|   0|  0|  17|          13|          14|
    |icmp_ln35_fu_179_p2                    |      icmp|   0|  0|  15|           7|           8|
    |ap_block_state3_pp0_stage0_iter2_grp1  |        or|   0|  0|   2|           1|           1|
    |select_ln33_1_fu_193_p3                |    select|   0|  0|   7|           1|           7|
    |select_ln33_fu_185_p3                  |    select|   0|  0|   7|           1|           1|
    |ap_enable_pp0                          |       xor|   0|  0|   2|           1|           2|
    +---------------------------------------+----------+----+---+----+------------+------------+
    |Total                                  |          |   0|  0| 106|          64|          49|
    +---------------------------------------+----------+----+---+----+------------+------------+

    * Multiplexer: 
    +---------------------------------------+----+-----------+-----+-----------+
    |                  Name                 | LUT| Input Size| Bits| Total Bits|
    +---------------------------------------+----+-----------+-----+-----------+
    |K_tile_in_TDATA_blk_n                  |   9|          2|    1|          2|
    |V_tile_in_TDATA_blk_n                  |   9|          2|    1|          2|
    |ap_done_int                            |   9|          2|    1|          2|
    |ap_enable_reg_pp0_iter1                |   9|          2|    1|          2|
    |ap_sig_allocacmp_indvar_flatten6_load  |   9|          2|   13|         26|
    |col_fu_70                              |   9|          2|    7|         14|
    |indvar_flatten6_fu_78                  |   9|          2|   13|         26|
    |row_fu_74                              |   9|          2|    7|         14|
    +---------------------------------------+----+-----------+-----+-----------+
    |Total                                  |  72|         16|   44|         88|
    +---------------------------------------+----+-----------+-----+-----------+

    * Register: 
    +----------------------------------+----+----+-----+-----------+
    |               Name               | FF | LUT| Bits| Const Bits|
    +----------------------------------+----+----+-----+-----------+
    |add_ln40_reg_287                  |  12|   0|   12|          0|
    |ap_CS_fsm                         |   1|   0|    1|          0|
    |ap_done_reg                       |   1|   0|    1|          0|
    |ap_enable_reg_pp0_iter1           |   1|   0|    1|          0|
    |ap_enable_reg_pp0_iter2           |   1|   0|    1|          0|
    |ap_loop_exit_ready_pp0_iter1_reg  |   1|   0|    1|          0|
    |col_fu_70                         |   7|   0|    7|          0|
    |indvar_flatten6_fu_78             |  13|   0|   13|          0|
    |row_fu_74                         |   7|   0|    7|          0|
    +----------------------------------+----+----+-----+-----------+
    |Total                             |  44|   0|   44|          0|
    +----------------------------------+----+----+-----+-----------+



================================================================
== Interface
================================================================
* Summary: 
+------------------+-----+-----+------------+-------------------------------------------------+--------------+
|     RTL Ports    | Dir | Bits|  Protocol  |                  Source Object                  |    C Type    |
+------------------+-----+-----+------------+-------------------------------------------------+--------------+
|ap_clk            |   in|    1|  ap_ctrl_hs|  flashattn_Pipeline_Read_K_and_V_VITIS_LOOP_35_2|  return value|
|ap_rst            |   in|    1|  ap_ctrl_hs|  flashattn_Pipeline_Read_K_and_V_VITIS_LOOP_35_2|  return value|
|ap_start          |   in|    1|  ap_ctrl_hs|  flashattn_Pipeline_Read_K_and_V_VITIS_LOOP_35_2|  return value|
|ap_done           |  out|    1|  ap_ctrl_hs|  flashattn_Pipeline_Read_K_and_V_VITIS_LOOP_35_2|  return value|
|ap_idle           |  out|    1|  ap_ctrl_hs|  flashattn_Pipeline_Read_K_and_V_VITIS_LOOP_35_2|  return value|
|ap_ready          |  out|    1|  ap_ctrl_hs|  flashattn_Pipeline_Read_K_and_V_VITIS_LOOP_35_2|  return value|
|K_tile_in_TVALID  |   in|    1|        axis|                               K_tile_in_V_data_V|       pointer|
|K_tile_in_TDATA   |   in|   32|        axis|                               K_tile_in_V_data_V|       pointer|
|V_tile_in_TVALID  |   in|    1|        axis|                               V_tile_in_V_data_V|       pointer|
|V_tile_in_TDATA   |   in|   32|        axis|                               V_tile_in_V_data_V|       pointer|
|K_tile_address0   |  out|   12|   ap_memory|                                           K_tile|         array|
|K_tile_ce0        |  out|    1|   ap_memory|                                           K_tile|         array|
|K_tile_we0        |  out|    1|   ap_memory|                                           K_tile|         array|
|K_tile_d0         |  out|   32|   ap_memory|                                           K_tile|         array|
|V_tile_address0   |  out|   12|   ap_memory|                                           V_tile|         array|
|V_tile_ce0        |  out|    1|   ap_memory|                                           V_tile|         array|
|V_tile_we0        |  out|    1|   ap_memory|                                           V_tile|         array|
|V_tile_d0         |  out|   32|   ap_memory|                                           V_tile|         array|
|K_tile_in_TREADY  |  out|    1|        axis|                               K_tile_in_V_last_V|       pointer|
|K_tile_in_TLAST   |   in|    1|        axis|                               K_tile_in_V_last_V|       pointer|
|K_tile_in_TKEEP   |   in|    4|        axis|                               K_tile_in_V_keep_V|       pointer|
|K_tile_in_TSTRB   |   in|    4|        axis|                               K_tile_in_V_strb_V|       pointer|
|V_tile_in_TREADY  |  out|    1|        axis|                               V_tile_in_V_last_V|       pointer|
|V_tile_in_TLAST   |   in|    1|        axis|                               V_tile_in_V_last_V|       pointer|
|V_tile_in_TKEEP   |   in|    4|        axis|                               V_tile_in_V_keep_V|       pointer|
|V_tile_in_TSTRB   |   in|    4|        axis|                               V_tile_in_V_strb_V|       pointer|
+------------------+-----+-----+------------+-------------------------------------------------+--------------+

