

================================================================
== Vitis HLS Report for 'flashattn_Pipeline_Read_K_and_V_VITIS_LOOP_45_2'
================================================================
* Date:           Fri Apr 11 19:30:29 2025

* Version:        2024.2 (Build 5238294 on Nov  8 2024)
* Project:        flash_attn
* Solution:       hls (Vivado IP Flow Target)
* Product family: zynq
* Target device:  xc7z020-clg400-1


================================================================
== Performance Estimates
================================================================
+ Timing: 
    * Summary: 
    +--------+----------+----------+------------+
    |  Clock |  Target  | Estimated| Uncertainty|
    +--------+----------+----------+------------+
    |ap_clk  |  10.00 ns|  6.321 ns|     2.70 ns|
    +--------+----------+----------+------------+

+ Latency: 
    * Summary: 
    +---------+---------+-----------+-----------+------+------+------------------------------------------------+
    |  Latency (cycles) |   Latency (absolute)  |   Interval  |                    Pipeline                    |
    |   min   |   max   |    min    |    max    |  min |  max |                      Type                      |
    +---------+---------+-----------+-----------+------+------+------------------------------------------------+
    |     2051|     2051|  20.510 us|  20.510 us|  2049|  2049|  loop auto-rewind stp (delay=0 clock cycles(s))|
    +---------+---------+-----------+-----------+------+------+------------------------------------------------+

    + Detail: 
        * Instance: 
        N/A

        * Loop: 
        +--------------------------------+---------+---------+----------+-----------+-----------+------+----------+
        |                                |  Latency (cycles) | Iteration|  Initiation Interval  | Trip |          |
        |            Loop Name           |   min   |   max   |  Latency |  achieved |   target  | Count| Pipelined|
        +--------------------------------+---------+---------+----------+-----------+-----------+------+----------+
        |- Read_K_and_V_VITIS_LOOP_45_2  |     2049|     2049|         3|          1|          1|  2048|       yes|
        +--------------------------------+---------+---------+----------+-----------+-----------+------+----------+



================================================================
== Utilization Estimates
================================================================
* Summary: 
+-----------------+---------+-----+--------+-------+-----+
|       Name      | BRAM_18K| DSP |   FF   |  LUT  | URAM|
+-----------------+---------+-----+--------+-------+-----+
|DSP              |        -|    -|       -|      -|    -|
|Expression       |        -|    -|       0|     88|    -|
|FIFO             |        -|    -|       -|      -|    -|
|Instance         |        -|    -|       -|      -|    -|
|Memory           |        -|    -|       -|      -|    -|
|Multiplexer      |        -|    -|       0|     72|    -|
|Register         |        -|    -|      37|      -|    -|
+-----------------+---------+-----+--------+-------+-----+
|Total            |        0|    0|      37|    160|    0|
+-----------------+---------+-----+--------+-------+-----+
|Available        |      280|  220|  106400|  53200|    0|
+-----------------+---------+-----+--------+-------+-----+
|Utilization (%)  |        0|    0|      ~0|     ~0|    0|
+-----------------+---------+-----+--------+-------+-----+

+ Detail: 
    * Instance: 
    N/A

    * DSP: 
    N/A

    * Memory: 
    N/A

    * FIFO: 
    N/A

    * Expression: 
    +---------------------------------------+----------+----+---+----+------------+------------+
    |             Variable Name             | Operation| DSP| FF| LUT| Bitwidth P0| Bitwidth P1|
    +---------------------------------------+----------+----+---+----+------------+------------+
    |add_ln43_1_fu_2214_p2                  |         +|   0|  0|  14|           6|           1|
    |add_ln43_fu_2168_p2                    |         +|   0|  0|  12|          12|           1|
    |add_ln45_fu_2200_p2                    |         +|   0|  0|  14|           7|           1|
    |ap_block_pp0_stage0_11001              |       and|   0|  0|   2|           1|           1|
    |icmp_ln43_fu_2162_p2                   |      icmp|   0|  0|  14|          12|          13|
    |icmp_ln45_fu_2182_p2                   |      icmp|   0|  0|  15|           7|           8|
    |ap_block_state3_pp0_stage0_iter2_grp1  |        or|   0|  0|   2|           1|           1|
    |select_ln43_1_fu_2220_p3               |    select|   0|  0|   6|           1|           6|
    |select_ln43_fu_2188_p3                 |    select|   0|  0|   7|           1|           1|
    |ap_enable_pp0                          |       xor|   0|  0|   2|           1|           2|
    +---------------------------------------+----------+----+---+----+------------+------------+
    |Total                                  |          |   0|  0|  88|          49|          35|
    +---------------------------------------+----------+----+---+----+------------+------------+

    * Multiplexer: 
    +-----------------------------------------+----+-----------+-----+-----------+
    |                   Name                  | LUT| Input Size| Bits| Total Bits|
    +-----------------------------------------+----+-----------+-----+-----------+
    |K_tile_in_TDATA_blk_n                    |   9|          2|    1|          2|
    |V_tile_in_TDATA_blk_n                    |   9|          2|    1|          2|
    |ap_done_int                              |   9|          2|    1|          2|
    |ap_enable_reg_pp0_iter1                  |   9|          2|    1|          2|
    |ap_sig_allocacmp_indvar_flatten390_load  |   9|          2|   12|         24|
    |col_fu_444                               |   9|          2|    7|         14|
    |indvar_flatten390_fu_452                 |   9|          2|   12|         24|
    |row_fu_448                               |   9|          2|    6|         12|
    +-----------------------------------------+----+-----------+-----+-----------+
    |Total                                    |  72|         16|   41|         82|
    +-----------------------------------------+----+-----------+-----+-----------+

    * Register: 
    +----------------------------------+----+----+-----+-----------+
    |               Name               | FF | LUT| Bits| Const Bits|
    +----------------------------------+----+----+-----+-----------+
    |ap_CS_fsm                         |   1|   0|    1|          0|
    |ap_done_reg                       |   1|   0|    1|          0|
    |ap_enable_reg_pp0_iter1           |   1|   0|    1|          0|
    |ap_enable_reg_pp0_iter2           |   1|   0|    1|          0|
    |ap_loop_exit_ready_pp0_iter1_reg  |   1|   0|    1|          0|
    |col_fu_444                        |   7|   0|    7|          0|
    |icmp_ln45_reg_2533                |   1|   0|    1|          0|
    |indvar_flatten390_fu_452          |  12|   0|   12|          0|
    |row_fu_448                        |   6|   0|    6|          0|
    |trunc_ln45_reg_2538               |   6|   0|    6|          0|
    +----------------------------------+----+----+-----+-----------+
    |Total                             |  37|   0|   37|          0|
    +----------------------------------+----+----+-----+-----------+



================================================================
== Interface
================================================================
* Summary: 
+--------------------+-----+-----+------------+-------------------------------------------------+--------------+
|      RTL Ports     | Dir | Bits|  Protocol  |                  Source Object                  |    C Type    |
+--------------------+-----+-----+------------+-------------------------------------------------+--------------+
|ap_clk              |   in|    1|  ap_ctrl_hs|  flashattn_Pipeline_Read_K_and_V_VITIS_LOOP_45_2|  return value|
|ap_rst              |   in|    1|  ap_ctrl_hs|  flashattn_Pipeline_Read_K_and_V_VITIS_LOOP_45_2|  return value|
|ap_start            |   in|    1|  ap_ctrl_hs|  flashattn_Pipeline_Read_K_and_V_VITIS_LOOP_45_2|  return value|
|ap_done             |  out|    1|  ap_ctrl_hs|  flashattn_Pipeline_Read_K_and_V_VITIS_LOOP_45_2|  return value|
|ap_idle             |  out|    1|  ap_ctrl_hs|  flashattn_Pipeline_Read_K_and_V_VITIS_LOOP_45_2|  return value|
|ap_ready            |  out|    1|  ap_ctrl_hs|  flashattn_Pipeline_Read_K_and_V_VITIS_LOOP_45_2|  return value|
|K_tile_in_TVALID    |   in|    1|        axis|                               K_tile_in_V_data_V|       pointer|
|K_tile_in_TDATA     |   in|   32|        axis|                               K_tile_in_V_data_V|       pointer|
|V_tile_in_TVALID    |   in|    1|        axis|                               V_tile_in_V_data_V|       pointer|
|V_tile_in_TDATA     |   in|   32|        axis|                               V_tile_in_V_data_V|       pointer|
|K_tile_address0     |  out|    5|   ap_memory|                                           K_tile|         array|
|K_tile_ce0          |  out|    1|   ap_memory|                                           K_tile|         array|
|K_tile_we0          |  out|    1|   ap_memory|                                           K_tile|         array|
|K_tile_d0           |  out|   32|   ap_memory|                                           K_tile|         array|
|K_tile_1_address0   |  out|    5|   ap_memory|                                         K_tile_1|         array|
|K_tile_1_ce0        |  out|    1|   ap_memory|                                         K_tile_1|         array|
|K_tile_1_we0        |  out|    1|   ap_memory|                                         K_tile_1|         array|
|K_tile_1_d0         |  out|   32|   ap_memory|                                         K_tile_1|         array|
|K_tile_2_address0   |  out|    5|   ap_memory|                                         K_tile_2|         array|
|K_tile_2_ce0        |  out|    1|   ap_memory|                                         K_tile_2|         array|
|K_tile_2_we0        |  out|    1|   ap_memory|                                         K_tile_2|         array|
|K_tile_2_d0         |  out|   32|   ap_memory|                                         K_tile_2|         array|
|K_tile_3_address0   |  out|    5|   ap_memory|                                         K_tile_3|         array|
|K_tile_3_ce0        |  out|    1|   ap_memory|                                         K_tile_3|         array|
|K_tile_3_we0        |  out|    1|   ap_memory|                                         K_tile_3|         array|
|K_tile_3_d0         |  out|   32|   ap_memory|                                         K_tile_3|         array|
|K_tile_4_address0   |  out|    5|   ap_memory|                                         K_tile_4|         array|
|K_tile_4_ce0        |  out|    1|   ap_memory|                                         K_tile_4|         array|
|K_tile_4_we0        |  out|    1|   ap_memory|                                         K_tile_4|         array|
|K_tile_4_d0         |  out|   32|   ap_memory|                                         K_tile_4|         array|
|K_tile_5_address0   |  out|    5|   ap_memory|                                         K_tile_5|         array|
|K_tile_5_ce0        |  out|    1|   ap_memory|                                         K_tile_5|         array|
|K_tile_5_we0        |  out|    1|   ap_memory|                                         K_tile_5|         array|
|K_tile_5_d0         |  out|   32|   ap_memory|                                         K_tile_5|         array|
|K_tile_6_address0   |  out|    5|   ap_memory|                                         K_tile_6|         array|
|K_tile_6_ce0        |  out|    1|   ap_memory|                                         K_tile_6|         array|
|K_tile_6_we0        |  out|    1|   ap_memory|                                         K_tile_6|         array|
|K_tile_6_d0         |  out|   32|   ap_memory|                                         K_tile_6|         array|
|K_tile_7_address0   |  out|    5|   ap_memory|                                         K_tile_7|         array|
|K_tile_7_ce0        |  out|    1|   ap_memory|                                         K_tile_7|         array|
|K_tile_7_we0        |  out|    1|   ap_memory|                                         K_tile_7|         array|
|K_tile_7_d0         |  out|   32|   ap_memory|                                         K_tile_7|         array|
|K_tile_8_address0   |  out|    5|   ap_memory|                                         K_tile_8|         array|
|K_tile_8_ce0        |  out|    1|   ap_memory|                                         K_tile_8|         array|
|K_tile_8_we0        |  out|    1|   ap_memory|                                         K_tile_8|         array|
|K_tile_8_d0         |  out|   32|   ap_memory|                                         K_tile_8|         array|
|K_tile_9_address0   |  out|    5|   ap_memory|                                         K_tile_9|         array|
|K_tile_9_ce0        |  out|    1|   ap_memory|                                         K_tile_9|         array|
|K_tile_9_we0        |  out|    1|   ap_memory|                                         K_tile_9|         array|
|K_tile_9_d0         |  out|   32|   ap_memory|                                         K_tile_9|         array|
|K_tile_10_address0  |  out|    5|   ap_memory|                                        K_tile_10|         array|
|K_tile_10_ce0       |  out|    1|   ap_memory|                                        K_tile_10|         array|
|K_tile_10_we0       |  out|    1|   ap_memory|                                        K_tile_10|         array|
|K_tile_10_d0        |  out|   32|   ap_memory|                                        K_tile_10|         array|
|K_tile_11_address0  |  out|    5|   ap_memory|                                        K_tile_11|         array|
|K_tile_11_ce0       |  out|    1|   ap_memory|                                        K_tile_11|         array|
|K_tile_11_we0       |  out|    1|   ap_memory|                                        K_tile_11|         array|
|K_tile_11_d0        |  out|   32|   ap_memory|                                        K_tile_11|         array|
|K_tile_12_address0  |  out|    5|   ap_memory|                                        K_tile_12|         array|
|K_tile_12_ce0       |  out|    1|   ap_memory|                                        K_tile_12|         array|
|K_tile_12_we0       |  out|    1|   ap_memory|                                        K_tile_12|         array|
|K_tile_12_d0        |  out|   32|   ap_memory|                                        K_tile_12|         array|
|K_tile_13_address0  |  out|    5|   ap_memory|                                        K_tile_13|         array|
|K_tile_13_ce0       |  out|    1|   ap_memory|                                        K_tile_13|         array|
|K_tile_13_we0       |  out|    1|   ap_memory|                                        K_tile_13|         array|
|K_tile_13_d0        |  out|   32|   ap_memory|                                        K_tile_13|         array|
|K_tile_14_address0  |  out|    5|   ap_memory|                                        K_tile_14|         array|
|K_tile_14_ce0       |  out|    1|   ap_memory|                                        K_tile_14|         array|
|K_tile_14_we0       |  out|    1|   ap_memory|                                        K_tile_14|         array|
|K_tile_14_d0        |  out|   32|   ap_memory|                                        K_tile_14|         array|
|K_tile_15_address0  |  out|    5|   ap_memory|                                        K_tile_15|         array|
|K_tile_15_ce0       |  out|    1|   ap_memory|                                        K_tile_15|         array|
|K_tile_15_we0       |  out|    1|   ap_memory|                                        K_tile_15|         array|
|K_tile_15_d0        |  out|   32|   ap_memory|                                        K_tile_15|         array|
|K_tile_16_address0  |  out|    5|   ap_memory|                                        K_tile_16|         array|
|K_tile_16_ce0       |  out|    1|   ap_memory|                                        K_tile_16|         array|
|K_tile_16_we0       |  out|    1|   ap_memory|                                        K_tile_16|         array|
|K_tile_16_d0        |  out|   32|   ap_memory|                                        K_tile_16|         array|
|K_tile_17_address0  |  out|    5|   ap_memory|                                        K_tile_17|         array|
|K_tile_17_ce0       |  out|    1|   ap_memory|                                        K_tile_17|         array|
|K_tile_17_we0       |  out|    1|   ap_memory|                                        K_tile_17|         array|
|K_tile_17_d0        |  out|   32|   ap_memory|                                        K_tile_17|         array|
|K_tile_18_address0  |  out|    5|   ap_memory|                                        K_tile_18|         array|
|K_tile_18_ce0       |  out|    1|   ap_memory|                                        K_tile_18|         array|
|K_tile_18_we0       |  out|    1|   ap_memory|                                        K_tile_18|         array|
|K_tile_18_d0        |  out|   32|   ap_memory|                                        K_tile_18|         array|
|K_tile_19_address0  |  out|    5|   ap_memory|                                        K_tile_19|         array|
|K_tile_19_ce0       |  out|    1|   ap_memory|                                        K_tile_19|         array|
|K_tile_19_we0       |  out|    1|   ap_memory|                                        K_tile_19|         array|
|K_tile_19_d0        |  out|   32|   ap_memory|                                        K_tile_19|         array|
|K_tile_20_address0  |  out|    5|   ap_memory|                                        K_tile_20|         array|
|K_tile_20_ce0       |  out|    1|   ap_memory|                                        K_tile_20|         array|
|K_tile_20_we0       |  out|    1|   ap_memory|                                        K_tile_20|         array|
|K_tile_20_d0        |  out|   32|   ap_memory|                                        K_tile_20|         array|
|K_tile_21_address0  |  out|    5|   ap_memory|                                        K_tile_21|         array|
|K_tile_21_ce0       |  out|    1|   ap_memory|                                        K_tile_21|         array|
|K_tile_21_we0       |  out|    1|   ap_memory|                                        K_tile_21|         array|
|K_tile_21_d0        |  out|   32|   ap_memory|                                        K_tile_21|         array|
|K_tile_22_address0  |  out|    5|   ap_memory|                                        K_tile_22|         array|
|K_tile_22_ce0       |  out|    1|   ap_memory|                                        K_tile_22|         array|
|K_tile_22_we0       |  out|    1|   ap_memory|                                        K_tile_22|         array|
|K_tile_22_d0        |  out|   32|   ap_memory|                                        K_tile_22|         array|
|K_tile_23_address0  |  out|    5|   ap_memory|                                        K_tile_23|         array|
|K_tile_23_ce0       |  out|    1|   ap_memory|                                        K_tile_23|         array|
|K_tile_23_we0       |  out|    1|   ap_memory|                                        K_tile_23|         array|
|K_tile_23_d0        |  out|   32|   ap_memory|                                        K_tile_23|         array|
|K_tile_24_address0  |  out|    5|   ap_memory|                                        K_tile_24|         array|
|K_tile_24_ce0       |  out|    1|   ap_memory|                                        K_tile_24|         array|
|K_tile_24_we0       |  out|    1|   ap_memory|                                        K_tile_24|         array|
|K_tile_24_d0        |  out|   32|   ap_memory|                                        K_tile_24|         array|
|K_tile_25_address0  |  out|    5|   ap_memory|                                        K_tile_25|         array|
|K_tile_25_ce0       |  out|    1|   ap_memory|                                        K_tile_25|         array|
|K_tile_25_we0       |  out|    1|   ap_memory|                                        K_tile_25|         array|
|K_tile_25_d0        |  out|   32|   ap_memory|                                        K_tile_25|         array|
|K_tile_26_address0  |  out|    5|   ap_memory|                                        K_tile_26|         array|
|K_tile_26_ce0       |  out|    1|   ap_memory|                                        K_tile_26|         array|
|K_tile_26_we0       |  out|    1|   ap_memory|                                        K_tile_26|         array|
|K_tile_26_d0        |  out|   32|   ap_memory|                                        K_tile_26|         array|
|K_tile_27_address0  |  out|    5|   ap_memory|                                        K_tile_27|         array|
|K_tile_27_ce0       |  out|    1|   ap_memory|                                        K_tile_27|         array|
|K_tile_27_we0       |  out|    1|   ap_memory|                                        K_tile_27|         array|
|K_tile_27_d0        |  out|   32|   ap_memory|                                        K_tile_27|         array|
|K_tile_28_address0  |  out|    5|   ap_memory|                                        K_tile_28|         array|
|K_tile_28_ce0       |  out|    1|   ap_memory|                                        K_tile_28|         array|
|K_tile_28_we0       |  out|    1|   ap_memory|                                        K_tile_28|         array|
|K_tile_28_d0        |  out|   32|   ap_memory|                                        K_tile_28|         array|
|K_tile_29_address0  |  out|    5|   ap_memory|                                        K_tile_29|         array|
|K_tile_29_ce0       |  out|    1|   ap_memory|                                        K_tile_29|         array|
|K_tile_29_we0       |  out|    1|   ap_memory|                                        K_tile_29|         array|
|K_tile_29_d0        |  out|   32|   ap_memory|                                        K_tile_29|         array|
|K_tile_30_address0  |  out|    5|   ap_memory|                                        K_tile_30|         array|
|K_tile_30_ce0       |  out|    1|   ap_memory|                                        K_tile_30|         array|
|K_tile_30_we0       |  out|    1|   ap_memory|                                        K_tile_30|         array|
|K_tile_30_d0        |  out|   32|   ap_memory|                                        K_tile_30|         array|
|K_tile_31_address0  |  out|    5|   ap_memory|                                        K_tile_31|         array|
|K_tile_31_ce0       |  out|    1|   ap_memory|                                        K_tile_31|         array|
|K_tile_31_we0       |  out|    1|   ap_memory|                                        K_tile_31|         array|
|K_tile_31_d0        |  out|   32|   ap_memory|                                        K_tile_31|         array|
|K_tile_32_address0  |  out|    5|   ap_memory|                                        K_tile_32|         array|
|K_tile_32_ce0       |  out|    1|   ap_memory|                                        K_tile_32|         array|
|K_tile_32_we0       |  out|    1|   ap_memory|                                        K_tile_32|         array|
|K_tile_32_d0        |  out|   32|   ap_memory|                                        K_tile_32|         array|
|K_tile_33_address0  |  out|    5|   ap_memory|                                        K_tile_33|         array|
|K_tile_33_ce0       |  out|    1|   ap_memory|                                        K_tile_33|         array|
|K_tile_33_we0       |  out|    1|   ap_memory|                                        K_tile_33|         array|
|K_tile_33_d0        |  out|   32|   ap_memory|                                        K_tile_33|         array|
|K_tile_34_address0  |  out|    5|   ap_memory|                                        K_tile_34|         array|
|K_tile_34_ce0       |  out|    1|   ap_memory|                                        K_tile_34|         array|
|K_tile_34_we0       |  out|    1|   ap_memory|                                        K_tile_34|         array|
|K_tile_34_d0        |  out|   32|   ap_memory|                                        K_tile_34|         array|
|K_tile_35_address0  |  out|    5|   ap_memory|                                        K_tile_35|         array|
|K_tile_35_ce0       |  out|    1|   ap_memory|                                        K_tile_35|         array|
|K_tile_35_we0       |  out|    1|   ap_memory|                                        K_tile_35|         array|
|K_tile_35_d0        |  out|   32|   ap_memory|                                        K_tile_35|         array|
|K_tile_36_address0  |  out|    5|   ap_memory|                                        K_tile_36|         array|
|K_tile_36_ce0       |  out|    1|   ap_memory|                                        K_tile_36|         array|
|K_tile_36_we0       |  out|    1|   ap_memory|                                        K_tile_36|         array|
|K_tile_36_d0        |  out|   32|   ap_memory|                                        K_tile_36|         array|
|K_tile_37_address0  |  out|    5|   ap_memory|                                        K_tile_37|         array|
|K_tile_37_ce0       |  out|    1|   ap_memory|                                        K_tile_37|         array|
|K_tile_37_we0       |  out|    1|   ap_memory|                                        K_tile_37|         array|
|K_tile_37_d0        |  out|   32|   ap_memory|                                        K_tile_37|         array|
|K_tile_38_address0  |  out|    5|   ap_memory|                                        K_tile_38|         array|
|K_tile_38_ce0       |  out|    1|   ap_memory|                                        K_tile_38|         array|
|K_tile_38_we0       |  out|    1|   ap_memory|                                        K_tile_38|         array|
|K_tile_38_d0        |  out|   32|   ap_memory|                                        K_tile_38|         array|
|K_tile_39_address0  |  out|    5|   ap_memory|                                        K_tile_39|         array|
|K_tile_39_ce0       |  out|    1|   ap_memory|                                        K_tile_39|         array|
|K_tile_39_we0       |  out|    1|   ap_memory|                                        K_tile_39|         array|
|K_tile_39_d0        |  out|   32|   ap_memory|                                        K_tile_39|         array|
|K_tile_40_address0  |  out|    5|   ap_memory|                                        K_tile_40|         array|
|K_tile_40_ce0       |  out|    1|   ap_memory|                                        K_tile_40|         array|
|K_tile_40_we0       |  out|    1|   ap_memory|                                        K_tile_40|         array|
|K_tile_40_d0        |  out|   32|   ap_memory|                                        K_tile_40|         array|
|K_tile_41_address0  |  out|    5|   ap_memory|                                        K_tile_41|         array|
|K_tile_41_ce0       |  out|    1|   ap_memory|                                        K_tile_41|         array|
|K_tile_41_we0       |  out|    1|   ap_memory|                                        K_tile_41|         array|
|K_tile_41_d0        |  out|   32|   ap_memory|                                        K_tile_41|         array|
|K_tile_42_address0  |  out|    5|   ap_memory|                                        K_tile_42|         array|
|K_tile_42_ce0       |  out|    1|   ap_memory|                                        K_tile_42|         array|
|K_tile_42_we0       |  out|    1|   ap_memory|                                        K_tile_42|         array|
|K_tile_42_d0        |  out|   32|   ap_memory|                                        K_tile_42|         array|
|K_tile_43_address0  |  out|    5|   ap_memory|                                        K_tile_43|         array|
|K_tile_43_ce0       |  out|    1|   ap_memory|                                        K_tile_43|         array|
|K_tile_43_we0       |  out|    1|   ap_memory|                                        K_tile_43|         array|
|K_tile_43_d0        |  out|   32|   ap_memory|                                        K_tile_43|         array|
|K_tile_44_address0  |  out|    5|   ap_memory|                                        K_tile_44|         array|
|K_tile_44_ce0       |  out|    1|   ap_memory|                                        K_tile_44|         array|
|K_tile_44_we0       |  out|    1|   ap_memory|                                        K_tile_44|         array|
|K_tile_44_d0        |  out|   32|   ap_memory|                                        K_tile_44|         array|
|K_tile_45_address0  |  out|    5|   ap_memory|                                        K_tile_45|         array|
|K_tile_45_ce0       |  out|    1|   ap_memory|                                        K_tile_45|         array|
|K_tile_45_we0       |  out|    1|   ap_memory|                                        K_tile_45|         array|
|K_tile_45_d0        |  out|   32|   ap_memory|                                        K_tile_45|         array|
|K_tile_46_address0  |  out|    5|   ap_memory|                                        K_tile_46|         array|
|K_tile_46_ce0       |  out|    1|   ap_memory|                                        K_tile_46|         array|
|K_tile_46_we0       |  out|    1|   ap_memory|                                        K_tile_46|         array|
|K_tile_46_d0        |  out|   32|   ap_memory|                                        K_tile_46|         array|
|K_tile_47_address0  |  out|    5|   ap_memory|                                        K_tile_47|         array|
|K_tile_47_ce0       |  out|    1|   ap_memory|                                        K_tile_47|         array|
|K_tile_47_we0       |  out|    1|   ap_memory|                                        K_tile_47|         array|
|K_tile_47_d0        |  out|   32|   ap_memory|                                        K_tile_47|         array|
|K_tile_48_address0  |  out|    5|   ap_memory|                                        K_tile_48|         array|
|K_tile_48_ce0       |  out|    1|   ap_memory|                                        K_tile_48|         array|
|K_tile_48_we0       |  out|    1|   ap_memory|                                        K_tile_48|         array|
|K_tile_48_d0        |  out|   32|   ap_memory|                                        K_tile_48|         array|
|K_tile_49_address0  |  out|    5|   ap_memory|                                        K_tile_49|         array|
|K_tile_49_ce0       |  out|    1|   ap_memory|                                        K_tile_49|         array|
|K_tile_49_we0       |  out|    1|   ap_memory|                                        K_tile_49|         array|
|K_tile_49_d0        |  out|   32|   ap_memory|                                        K_tile_49|         array|
|K_tile_50_address0  |  out|    5|   ap_memory|                                        K_tile_50|         array|
|K_tile_50_ce0       |  out|    1|   ap_memory|                                        K_tile_50|         array|
|K_tile_50_we0       |  out|    1|   ap_memory|                                        K_tile_50|         array|
|K_tile_50_d0        |  out|   32|   ap_memory|                                        K_tile_50|         array|
|K_tile_51_address0  |  out|    5|   ap_memory|                                        K_tile_51|         array|
|K_tile_51_ce0       |  out|    1|   ap_memory|                                        K_tile_51|         array|
|K_tile_51_we0       |  out|    1|   ap_memory|                                        K_tile_51|         array|
|K_tile_51_d0        |  out|   32|   ap_memory|                                        K_tile_51|         array|
|K_tile_52_address0  |  out|    5|   ap_memory|                                        K_tile_52|         array|
|K_tile_52_ce0       |  out|    1|   ap_memory|                                        K_tile_52|         array|
|K_tile_52_we0       |  out|    1|   ap_memory|                                        K_tile_52|         array|
|K_tile_52_d0        |  out|   32|   ap_memory|                                        K_tile_52|         array|
|K_tile_53_address0  |  out|    5|   ap_memory|                                        K_tile_53|         array|
|K_tile_53_ce0       |  out|    1|   ap_memory|                                        K_tile_53|         array|
|K_tile_53_we0       |  out|    1|   ap_memory|                                        K_tile_53|         array|
|K_tile_53_d0        |  out|   32|   ap_memory|                                        K_tile_53|         array|
|K_tile_54_address0  |  out|    5|   ap_memory|                                        K_tile_54|         array|
|K_tile_54_ce0       |  out|    1|   ap_memory|                                        K_tile_54|         array|
|K_tile_54_we0       |  out|    1|   ap_memory|                                        K_tile_54|         array|
|K_tile_54_d0        |  out|   32|   ap_memory|                                        K_tile_54|         array|
|K_tile_55_address0  |  out|    5|   ap_memory|                                        K_tile_55|         array|
|K_tile_55_ce0       |  out|    1|   ap_memory|                                        K_tile_55|         array|
|K_tile_55_we0       |  out|    1|   ap_memory|                                        K_tile_55|         array|
|K_tile_55_d0        |  out|   32|   ap_memory|                                        K_tile_55|         array|
|K_tile_56_address0  |  out|    5|   ap_memory|                                        K_tile_56|         array|
|K_tile_56_ce0       |  out|    1|   ap_memory|                                        K_tile_56|         array|
|K_tile_56_we0       |  out|    1|   ap_memory|                                        K_tile_56|         array|
|K_tile_56_d0        |  out|   32|   ap_memory|                                        K_tile_56|         array|
|K_tile_57_address0  |  out|    5|   ap_memory|                                        K_tile_57|         array|
|K_tile_57_ce0       |  out|    1|   ap_memory|                                        K_tile_57|         array|
|K_tile_57_we0       |  out|    1|   ap_memory|                                        K_tile_57|         array|
|K_tile_57_d0        |  out|   32|   ap_memory|                                        K_tile_57|         array|
|K_tile_58_address0  |  out|    5|   ap_memory|                                        K_tile_58|         array|
|K_tile_58_ce0       |  out|    1|   ap_memory|                                        K_tile_58|         array|
|K_tile_58_we0       |  out|    1|   ap_memory|                                        K_tile_58|         array|
|K_tile_58_d0        |  out|   32|   ap_memory|                                        K_tile_58|         array|
|K_tile_59_address0  |  out|    5|   ap_memory|                                        K_tile_59|         array|
|K_tile_59_ce0       |  out|    1|   ap_memory|                                        K_tile_59|         array|
|K_tile_59_we0       |  out|    1|   ap_memory|                                        K_tile_59|         array|
|K_tile_59_d0        |  out|   32|   ap_memory|                                        K_tile_59|         array|
|K_tile_60_address0  |  out|    5|   ap_memory|                                        K_tile_60|         array|
|K_tile_60_ce0       |  out|    1|   ap_memory|                                        K_tile_60|         array|
|K_tile_60_we0       |  out|    1|   ap_memory|                                        K_tile_60|         array|
|K_tile_60_d0        |  out|   32|   ap_memory|                                        K_tile_60|         array|
|K_tile_61_address0  |  out|    5|   ap_memory|                                        K_tile_61|         array|
|K_tile_61_ce0       |  out|    1|   ap_memory|                                        K_tile_61|         array|
|K_tile_61_we0       |  out|    1|   ap_memory|                                        K_tile_61|         array|
|K_tile_61_d0        |  out|   32|   ap_memory|                                        K_tile_61|         array|
|K_tile_62_address0  |  out|    5|   ap_memory|                                        K_tile_62|         array|
|K_tile_62_ce0       |  out|    1|   ap_memory|                                        K_tile_62|         array|
|K_tile_62_we0       |  out|    1|   ap_memory|                                        K_tile_62|         array|
|K_tile_62_d0        |  out|   32|   ap_memory|                                        K_tile_62|         array|
|K_tile_63_address0  |  out|    5|   ap_memory|                                        K_tile_63|         array|
|K_tile_63_ce0       |  out|    1|   ap_memory|                                        K_tile_63|         array|
|K_tile_63_we0       |  out|    1|   ap_memory|                                        K_tile_63|         array|
|K_tile_63_d0        |  out|   32|   ap_memory|                                        K_tile_63|         array|
|V_tile_address0     |  out|    5|   ap_memory|                                           V_tile|         array|
|V_tile_ce0          |  out|    1|   ap_memory|                                           V_tile|         array|
|V_tile_we0          |  out|    1|   ap_memory|                                           V_tile|         array|
|V_tile_d0           |  out|   32|   ap_memory|                                           V_tile|         array|
|V_tile_1_address0   |  out|    5|   ap_memory|                                         V_tile_1|         array|
|V_tile_1_ce0        |  out|    1|   ap_memory|                                         V_tile_1|         array|
|V_tile_1_we0        |  out|    1|   ap_memory|                                         V_tile_1|         array|
|V_tile_1_d0         |  out|   32|   ap_memory|                                         V_tile_1|         array|
|V_tile_2_address0   |  out|    5|   ap_memory|                                         V_tile_2|         array|
|V_tile_2_ce0        |  out|    1|   ap_memory|                                         V_tile_2|         array|
|V_tile_2_we0        |  out|    1|   ap_memory|                                         V_tile_2|         array|
|V_tile_2_d0         |  out|   32|   ap_memory|                                         V_tile_2|         array|
|V_tile_3_address0   |  out|    5|   ap_memory|                                         V_tile_3|         array|
|V_tile_3_ce0        |  out|    1|   ap_memory|                                         V_tile_3|         array|
|V_tile_3_we0        |  out|    1|   ap_memory|                                         V_tile_3|         array|
|V_tile_3_d0         |  out|   32|   ap_memory|                                         V_tile_3|         array|
|V_tile_4_address0   |  out|    5|   ap_memory|                                         V_tile_4|         array|
|V_tile_4_ce0        |  out|    1|   ap_memory|                                         V_tile_4|         array|
|V_tile_4_we0        |  out|    1|   ap_memory|                                         V_tile_4|         array|
|V_tile_4_d0         |  out|   32|   ap_memory|                                         V_tile_4|         array|
|V_tile_5_address0   |  out|    5|   ap_memory|                                         V_tile_5|         array|
|V_tile_5_ce0        |  out|    1|   ap_memory|                                         V_tile_5|         array|
|V_tile_5_we0        |  out|    1|   ap_memory|                                         V_tile_5|         array|
|V_tile_5_d0         |  out|   32|   ap_memory|                                         V_tile_5|         array|
|V_tile_6_address0   |  out|    5|   ap_memory|                                         V_tile_6|         array|
|V_tile_6_ce0        |  out|    1|   ap_memory|                                         V_tile_6|         array|
|V_tile_6_we0        |  out|    1|   ap_memory|                                         V_tile_6|         array|
|V_tile_6_d0         |  out|   32|   ap_memory|                                         V_tile_6|         array|
|V_tile_7_address0   |  out|    5|   ap_memory|                                         V_tile_7|         array|
|V_tile_7_ce0        |  out|    1|   ap_memory|                                         V_tile_7|         array|
|V_tile_7_we0        |  out|    1|   ap_memory|                                         V_tile_7|         array|
|V_tile_7_d0         |  out|   32|   ap_memory|                                         V_tile_7|         array|
|V_tile_8_address0   |  out|    5|   ap_memory|                                         V_tile_8|         array|
|V_tile_8_ce0        |  out|    1|   ap_memory|                                         V_tile_8|         array|
|V_tile_8_we0        |  out|    1|   ap_memory|                                         V_tile_8|         array|
|V_tile_8_d0         |  out|   32|   ap_memory|                                         V_tile_8|         array|
|V_tile_9_address0   |  out|    5|   ap_memory|                                         V_tile_9|         array|
|V_tile_9_ce0        |  out|    1|   ap_memory|                                         V_tile_9|         array|
|V_tile_9_we0        |  out|    1|   ap_memory|                                         V_tile_9|         array|
|V_tile_9_d0         |  out|   32|   ap_memory|                                         V_tile_9|         array|
|V_tile_10_address0  |  out|    5|   ap_memory|                                        V_tile_10|         array|
|V_tile_10_ce0       |  out|    1|   ap_memory|                                        V_tile_10|         array|
|V_tile_10_we0       |  out|    1|   ap_memory|                                        V_tile_10|         array|
|V_tile_10_d0        |  out|   32|   ap_memory|                                        V_tile_10|         array|
|V_tile_11_address0  |  out|    5|   ap_memory|                                        V_tile_11|         array|
|V_tile_11_ce0       |  out|    1|   ap_memory|                                        V_tile_11|         array|
|V_tile_11_we0       |  out|    1|   ap_memory|                                        V_tile_11|         array|
|V_tile_11_d0        |  out|   32|   ap_memory|                                        V_tile_11|         array|
|V_tile_12_address0  |  out|    5|   ap_memory|                                        V_tile_12|         array|
|V_tile_12_ce0       |  out|    1|   ap_memory|                                        V_tile_12|         array|
|V_tile_12_we0       |  out|    1|   ap_memory|                                        V_tile_12|         array|
|V_tile_12_d0        |  out|   32|   ap_memory|                                        V_tile_12|         array|
|V_tile_13_address0  |  out|    5|   ap_memory|                                        V_tile_13|         array|
|V_tile_13_ce0       |  out|    1|   ap_memory|                                        V_tile_13|         array|
|V_tile_13_we0       |  out|    1|   ap_memory|                                        V_tile_13|         array|
|V_tile_13_d0        |  out|   32|   ap_memory|                                        V_tile_13|         array|
|V_tile_14_address0  |  out|    5|   ap_memory|                                        V_tile_14|         array|
|V_tile_14_ce0       |  out|    1|   ap_memory|                                        V_tile_14|         array|
|V_tile_14_we0       |  out|    1|   ap_memory|                                        V_tile_14|         array|
|V_tile_14_d0        |  out|   32|   ap_memory|                                        V_tile_14|         array|
|V_tile_15_address0  |  out|    5|   ap_memory|                                        V_tile_15|         array|
|V_tile_15_ce0       |  out|    1|   ap_memory|                                        V_tile_15|         array|
|V_tile_15_we0       |  out|    1|   ap_memory|                                        V_tile_15|         array|
|V_tile_15_d0        |  out|   32|   ap_memory|                                        V_tile_15|         array|
|V_tile_16_address0  |  out|    5|   ap_memory|                                        V_tile_16|         array|
|V_tile_16_ce0       |  out|    1|   ap_memory|                                        V_tile_16|         array|
|V_tile_16_we0       |  out|    1|   ap_memory|                                        V_tile_16|         array|
|V_tile_16_d0        |  out|   32|   ap_memory|                                        V_tile_16|         array|
|V_tile_17_address0  |  out|    5|   ap_memory|                                        V_tile_17|         array|
|V_tile_17_ce0       |  out|    1|   ap_memory|                                        V_tile_17|         array|
|V_tile_17_we0       |  out|    1|   ap_memory|                                        V_tile_17|         array|
|V_tile_17_d0        |  out|   32|   ap_memory|                                        V_tile_17|         array|
|V_tile_18_address0  |  out|    5|   ap_memory|                                        V_tile_18|         array|
|V_tile_18_ce0       |  out|    1|   ap_memory|                                        V_tile_18|         array|
|V_tile_18_we0       |  out|    1|   ap_memory|                                        V_tile_18|         array|
|V_tile_18_d0        |  out|   32|   ap_memory|                                        V_tile_18|         array|
|V_tile_19_address0  |  out|    5|   ap_memory|                                        V_tile_19|         array|
|V_tile_19_ce0       |  out|    1|   ap_memory|                                        V_tile_19|         array|
|V_tile_19_we0       |  out|    1|   ap_memory|                                        V_tile_19|         array|
|V_tile_19_d0        |  out|   32|   ap_memory|                                        V_tile_19|         array|
|V_tile_20_address0  |  out|    5|   ap_memory|                                        V_tile_20|         array|
|V_tile_20_ce0       |  out|    1|   ap_memory|                                        V_tile_20|         array|
|V_tile_20_we0       |  out|    1|   ap_memory|                                        V_tile_20|         array|
|V_tile_20_d0        |  out|   32|   ap_memory|                                        V_tile_20|         array|
|V_tile_21_address0  |  out|    5|   ap_memory|                                        V_tile_21|         array|
|V_tile_21_ce0       |  out|    1|   ap_memory|                                        V_tile_21|         array|
|V_tile_21_we0       |  out|    1|   ap_memory|                                        V_tile_21|         array|
|V_tile_21_d0        |  out|   32|   ap_memory|                                        V_tile_21|         array|
|V_tile_22_address0  |  out|    5|   ap_memory|                                        V_tile_22|         array|
|V_tile_22_ce0       |  out|    1|   ap_memory|                                        V_tile_22|         array|
|V_tile_22_we0       |  out|    1|   ap_memory|                                        V_tile_22|         array|
|V_tile_22_d0        |  out|   32|   ap_memory|                                        V_tile_22|         array|
|V_tile_23_address0  |  out|    5|   ap_memory|                                        V_tile_23|         array|
|V_tile_23_ce0       |  out|    1|   ap_memory|                                        V_tile_23|         array|
|V_tile_23_we0       |  out|    1|   ap_memory|                                        V_tile_23|         array|
|V_tile_23_d0        |  out|   32|   ap_memory|                                        V_tile_23|         array|
|V_tile_24_address0  |  out|    5|   ap_memory|                                        V_tile_24|         array|
|V_tile_24_ce0       |  out|    1|   ap_memory|                                        V_tile_24|         array|
|V_tile_24_we0       |  out|    1|   ap_memory|                                        V_tile_24|         array|
|V_tile_24_d0        |  out|   32|   ap_memory|                                        V_tile_24|         array|
|V_tile_25_address0  |  out|    5|   ap_memory|                                        V_tile_25|         array|
|V_tile_25_ce0       |  out|    1|   ap_memory|                                        V_tile_25|         array|
|V_tile_25_we0       |  out|    1|   ap_memory|                                        V_tile_25|         array|
|V_tile_25_d0        |  out|   32|   ap_memory|                                        V_tile_25|         array|
|V_tile_26_address0  |  out|    5|   ap_memory|                                        V_tile_26|         array|
|V_tile_26_ce0       |  out|    1|   ap_memory|                                        V_tile_26|         array|
|V_tile_26_we0       |  out|    1|   ap_memory|                                        V_tile_26|         array|
|V_tile_26_d0        |  out|   32|   ap_memory|                                        V_tile_26|         array|
|V_tile_27_address0  |  out|    5|   ap_memory|                                        V_tile_27|         array|
|V_tile_27_ce0       |  out|    1|   ap_memory|                                        V_tile_27|         array|
|V_tile_27_we0       |  out|    1|   ap_memory|                                        V_tile_27|         array|
|V_tile_27_d0        |  out|   32|   ap_memory|                                        V_tile_27|         array|
|V_tile_28_address0  |  out|    5|   ap_memory|                                        V_tile_28|         array|
|V_tile_28_ce0       |  out|    1|   ap_memory|                                        V_tile_28|         array|
|V_tile_28_we0       |  out|    1|   ap_memory|                                        V_tile_28|         array|
|V_tile_28_d0        |  out|   32|   ap_memory|                                        V_tile_28|         array|
|V_tile_29_address0  |  out|    5|   ap_memory|                                        V_tile_29|         array|
|V_tile_29_ce0       |  out|    1|   ap_memory|                                        V_tile_29|         array|
|V_tile_29_we0       |  out|    1|   ap_memory|                                        V_tile_29|         array|
|V_tile_29_d0        |  out|   32|   ap_memory|                                        V_tile_29|         array|
|V_tile_30_address0  |  out|    5|   ap_memory|                                        V_tile_30|         array|
|V_tile_30_ce0       |  out|    1|   ap_memory|                                        V_tile_30|         array|
|V_tile_30_we0       |  out|    1|   ap_memory|                                        V_tile_30|         array|
|V_tile_30_d0        |  out|   32|   ap_memory|                                        V_tile_30|         array|
|V_tile_31_address0  |  out|    5|   ap_memory|                                        V_tile_31|         array|
|V_tile_31_ce0       |  out|    1|   ap_memory|                                        V_tile_31|         array|
|V_tile_31_we0       |  out|    1|   ap_memory|                                        V_tile_31|         array|
|V_tile_31_d0        |  out|   32|   ap_memory|                                        V_tile_31|         array|
|V_tile_32_address0  |  out|    5|   ap_memory|                                        V_tile_32|         array|
|V_tile_32_ce0       |  out|    1|   ap_memory|                                        V_tile_32|         array|
|V_tile_32_we0       |  out|    1|   ap_memory|                                        V_tile_32|         array|
|V_tile_32_d0        |  out|   32|   ap_memory|                                        V_tile_32|         array|
|V_tile_33_address0  |  out|    5|   ap_memory|                                        V_tile_33|         array|
|V_tile_33_ce0       |  out|    1|   ap_memory|                                        V_tile_33|         array|
|V_tile_33_we0       |  out|    1|   ap_memory|                                        V_tile_33|         array|
|V_tile_33_d0        |  out|   32|   ap_memory|                                        V_tile_33|         array|
|V_tile_34_address0  |  out|    5|   ap_memory|                                        V_tile_34|         array|
|V_tile_34_ce0       |  out|    1|   ap_memory|                                        V_tile_34|         array|
|V_tile_34_we0       |  out|    1|   ap_memory|                                        V_tile_34|         array|
|V_tile_34_d0        |  out|   32|   ap_memory|                                        V_tile_34|         array|
|V_tile_35_address0  |  out|    5|   ap_memory|                                        V_tile_35|         array|
|V_tile_35_ce0       |  out|    1|   ap_memory|                                        V_tile_35|         array|
|V_tile_35_we0       |  out|    1|   ap_memory|                                        V_tile_35|         array|
|V_tile_35_d0        |  out|   32|   ap_memory|                                        V_tile_35|         array|
|V_tile_36_address0  |  out|    5|   ap_memory|                                        V_tile_36|         array|
|V_tile_36_ce0       |  out|    1|   ap_memory|                                        V_tile_36|         array|
|V_tile_36_we0       |  out|    1|   ap_memory|                                        V_tile_36|         array|
|V_tile_36_d0        |  out|   32|   ap_memory|                                        V_tile_36|         array|
|V_tile_37_address0  |  out|    5|   ap_memory|                                        V_tile_37|         array|
|V_tile_37_ce0       |  out|    1|   ap_memory|                                        V_tile_37|         array|
|V_tile_37_we0       |  out|    1|   ap_memory|                                        V_tile_37|         array|
|V_tile_37_d0        |  out|   32|   ap_memory|                                        V_tile_37|         array|
|V_tile_38_address0  |  out|    5|   ap_memory|                                        V_tile_38|         array|
|V_tile_38_ce0       |  out|    1|   ap_memory|                                        V_tile_38|         array|
|V_tile_38_we0       |  out|    1|   ap_memory|                                        V_tile_38|         array|
|V_tile_38_d0        |  out|   32|   ap_memory|                                        V_tile_38|         array|
|V_tile_39_address0  |  out|    5|   ap_memory|                                        V_tile_39|         array|
|V_tile_39_ce0       |  out|    1|   ap_memory|                                        V_tile_39|         array|
|V_tile_39_we0       |  out|    1|   ap_memory|                                        V_tile_39|         array|
|V_tile_39_d0        |  out|   32|   ap_memory|                                        V_tile_39|         array|
|V_tile_40_address0  |  out|    5|   ap_memory|                                        V_tile_40|         array|
|V_tile_40_ce0       |  out|    1|   ap_memory|                                        V_tile_40|         array|
|V_tile_40_we0       |  out|    1|   ap_memory|                                        V_tile_40|         array|
|V_tile_40_d0        |  out|   32|   ap_memory|                                        V_tile_40|         array|
|V_tile_41_address0  |  out|    5|   ap_memory|                                        V_tile_41|         array|
|V_tile_41_ce0       |  out|    1|   ap_memory|                                        V_tile_41|         array|
|V_tile_41_we0       |  out|    1|   ap_memory|                                        V_tile_41|         array|
|V_tile_41_d0        |  out|   32|   ap_memory|                                        V_tile_41|         array|
|V_tile_42_address0  |  out|    5|   ap_memory|                                        V_tile_42|         array|
|V_tile_42_ce0       |  out|    1|   ap_memory|                                        V_tile_42|         array|
|V_tile_42_we0       |  out|    1|   ap_memory|                                        V_tile_42|         array|
|V_tile_42_d0        |  out|   32|   ap_memory|                                        V_tile_42|         array|
|V_tile_43_address0  |  out|    5|   ap_memory|                                        V_tile_43|         array|
|V_tile_43_ce0       |  out|    1|   ap_memory|                                        V_tile_43|         array|
|V_tile_43_we0       |  out|    1|   ap_memory|                                        V_tile_43|         array|
|V_tile_43_d0        |  out|   32|   ap_memory|                                        V_tile_43|         array|
|V_tile_44_address0  |  out|    5|   ap_memory|                                        V_tile_44|         array|
|V_tile_44_ce0       |  out|    1|   ap_memory|                                        V_tile_44|         array|
|V_tile_44_we0       |  out|    1|   ap_memory|                                        V_tile_44|         array|
|V_tile_44_d0        |  out|   32|   ap_memory|                                        V_tile_44|         array|
|V_tile_45_address0  |  out|    5|   ap_memory|                                        V_tile_45|         array|
|V_tile_45_ce0       |  out|    1|   ap_memory|                                        V_tile_45|         array|
|V_tile_45_we0       |  out|    1|   ap_memory|                                        V_tile_45|         array|
|V_tile_45_d0        |  out|   32|   ap_memory|                                        V_tile_45|         array|
|V_tile_46_address0  |  out|    5|   ap_memory|                                        V_tile_46|         array|
|V_tile_46_ce0       |  out|    1|   ap_memory|                                        V_tile_46|         array|
|V_tile_46_we0       |  out|    1|   ap_memory|                                        V_tile_46|         array|
|V_tile_46_d0        |  out|   32|   ap_memory|                                        V_tile_46|         array|
|V_tile_47_address0  |  out|    5|   ap_memory|                                        V_tile_47|         array|
|V_tile_47_ce0       |  out|    1|   ap_memory|                                        V_tile_47|         array|
|V_tile_47_we0       |  out|    1|   ap_memory|                                        V_tile_47|         array|
|V_tile_47_d0        |  out|   32|   ap_memory|                                        V_tile_47|         array|
|V_tile_48_address0  |  out|    5|   ap_memory|                                        V_tile_48|         array|
|V_tile_48_ce0       |  out|    1|   ap_memory|                                        V_tile_48|         array|
|V_tile_48_we0       |  out|    1|   ap_memory|                                        V_tile_48|         array|
|V_tile_48_d0        |  out|   32|   ap_memory|                                        V_tile_48|         array|
|V_tile_49_address0  |  out|    5|   ap_memory|                                        V_tile_49|         array|
|V_tile_49_ce0       |  out|    1|   ap_memory|                                        V_tile_49|         array|
|V_tile_49_we0       |  out|    1|   ap_memory|                                        V_tile_49|         array|
|V_tile_49_d0        |  out|   32|   ap_memory|                                        V_tile_49|         array|
|V_tile_50_address0  |  out|    5|   ap_memory|                                        V_tile_50|         array|
|V_tile_50_ce0       |  out|    1|   ap_memory|                                        V_tile_50|         array|
|V_tile_50_we0       |  out|    1|   ap_memory|                                        V_tile_50|         array|
|V_tile_50_d0        |  out|   32|   ap_memory|                                        V_tile_50|         array|
|V_tile_51_address0  |  out|    5|   ap_memory|                                        V_tile_51|         array|
|V_tile_51_ce0       |  out|    1|   ap_memory|                                        V_tile_51|         array|
|V_tile_51_we0       |  out|    1|   ap_memory|                                        V_tile_51|         array|
|V_tile_51_d0        |  out|   32|   ap_memory|                                        V_tile_51|         array|
|V_tile_52_address0  |  out|    5|   ap_memory|                                        V_tile_52|         array|
|V_tile_52_ce0       |  out|    1|   ap_memory|                                        V_tile_52|         array|
|V_tile_52_we0       |  out|    1|   ap_memory|                                        V_tile_52|         array|
|V_tile_52_d0        |  out|   32|   ap_memory|                                        V_tile_52|         array|
|V_tile_53_address0  |  out|    5|   ap_memory|                                        V_tile_53|         array|
|V_tile_53_ce0       |  out|    1|   ap_memory|                                        V_tile_53|         array|
|V_tile_53_we0       |  out|    1|   ap_memory|                                        V_tile_53|         array|
|V_tile_53_d0        |  out|   32|   ap_memory|                                        V_tile_53|         array|
|V_tile_54_address0  |  out|    5|   ap_memory|                                        V_tile_54|         array|
|V_tile_54_ce0       |  out|    1|   ap_memory|                                        V_tile_54|         array|
|V_tile_54_we0       |  out|    1|   ap_memory|                                        V_tile_54|         array|
|V_tile_54_d0        |  out|   32|   ap_memory|                                        V_tile_54|         array|
|V_tile_55_address0  |  out|    5|   ap_memory|                                        V_tile_55|         array|
|V_tile_55_ce0       |  out|    1|   ap_memory|                                        V_tile_55|         array|
|V_tile_55_we0       |  out|    1|   ap_memory|                                        V_tile_55|         array|
|V_tile_55_d0        |  out|   32|   ap_memory|                                        V_tile_55|         array|
|V_tile_56_address0  |  out|    5|   ap_memory|                                        V_tile_56|         array|
|V_tile_56_ce0       |  out|    1|   ap_memory|                                        V_tile_56|         array|
|V_tile_56_we0       |  out|    1|   ap_memory|                                        V_tile_56|         array|
|V_tile_56_d0        |  out|   32|   ap_memory|                                        V_tile_56|         array|
|V_tile_57_address0  |  out|    5|   ap_memory|                                        V_tile_57|         array|
|V_tile_57_ce0       |  out|    1|   ap_memory|                                        V_tile_57|         array|
|V_tile_57_we0       |  out|    1|   ap_memory|                                        V_tile_57|         array|
|V_tile_57_d0        |  out|   32|   ap_memory|                                        V_tile_57|         array|
|V_tile_58_address0  |  out|    5|   ap_memory|                                        V_tile_58|         array|
|V_tile_58_ce0       |  out|    1|   ap_memory|                                        V_tile_58|         array|
|V_tile_58_we0       |  out|    1|   ap_memory|                                        V_tile_58|         array|
|V_tile_58_d0        |  out|   32|   ap_memory|                                        V_tile_58|         array|
|V_tile_59_address0  |  out|    5|   ap_memory|                                        V_tile_59|         array|
|V_tile_59_ce0       |  out|    1|   ap_memory|                                        V_tile_59|         array|
|V_tile_59_we0       |  out|    1|   ap_memory|                                        V_tile_59|         array|
|V_tile_59_d0        |  out|   32|   ap_memory|                                        V_tile_59|         array|
|V_tile_60_address0  |  out|    5|   ap_memory|                                        V_tile_60|         array|
|V_tile_60_ce0       |  out|    1|   ap_memory|                                        V_tile_60|         array|
|V_tile_60_we0       |  out|    1|   ap_memory|                                        V_tile_60|         array|
|V_tile_60_d0        |  out|   32|   ap_memory|                                        V_tile_60|         array|
|V_tile_61_address0  |  out|    5|   ap_memory|                                        V_tile_61|         array|
|V_tile_61_ce0       |  out|    1|   ap_memory|                                        V_tile_61|         array|
|V_tile_61_we0       |  out|    1|   ap_memory|                                        V_tile_61|         array|
|V_tile_61_d0        |  out|   32|   ap_memory|                                        V_tile_61|         array|
|V_tile_62_address0  |  out|    5|   ap_memory|                                        V_tile_62|         array|
|V_tile_62_ce0       |  out|    1|   ap_memory|                                        V_tile_62|         array|
|V_tile_62_we0       |  out|    1|   ap_memory|                                        V_tile_62|         array|
|V_tile_62_d0        |  out|   32|   ap_memory|                                        V_tile_62|         array|
|V_tile_63_address0  |  out|    5|   ap_memory|                                        V_tile_63|         array|
|V_tile_63_ce0       |  out|    1|   ap_memory|                                        V_tile_63|         array|
|V_tile_63_we0       |  out|    1|   ap_memory|                                        V_tile_63|         array|
|V_tile_63_d0        |  out|   32|   ap_memory|                                        V_tile_63|         array|
|K_tile_in_TREADY    |  out|    1|        axis|                               K_tile_in_V_last_V|       pointer|
|K_tile_in_TLAST     |   in|    1|        axis|                               K_tile_in_V_last_V|       pointer|
|K_tile_in_TKEEP     |   in|    4|        axis|                               K_tile_in_V_keep_V|       pointer|
|K_tile_in_TSTRB     |   in|    4|        axis|                               K_tile_in_V_strb_V|       pointer|
|V_tile_in_TREADY    |  out|    1|        axis|                               V_tile_in_V_last_V|       pointer|
|V_tile_in_TLAST     |   in|    1|        axis|                               V_tile_in_V_last_V|       pointer|
|V_tile_in_TKEEP     |   in|    4|        axis|                               V_tile_in_V_keep_V|       pointer|
|V_tile_in_TSTRB     |   in|    4|        axis|                               V_tile_in_V_strb_V|       pointer|
+--------------------+-----+-----+------------+-------------------------------------------------+--------------+

