#-----------------------------------------------------------
# Vivado v2024.2 (64-bit)
# SW Build 5239630 on Fri Nov 08 22:35:27 MST 2024
# IP Build 5239520 on Sun Nov 10 16:12:51 MST 2024
# SharedData Build 5239561 on Fri Nov 08 14:39:27 MST 2024
# Start of session at: Wed Apr  9 14:59:20 2025
# Process ID         : 22708
# Current directory  : C:/Users/cfk30/OneDrive/Documents/ECE4910/thesis/flash_attn_vivado/flash_attn_vivado.runs/flashattn_bd_flashattn_0_0_synth_1
# Command line       : vivado.exe -log flashattn_bd_flashattn_0_0.vds -product Vivado -mode batch -messageDb vivado.pb -notrace -source flashattn_bd_flashattn_0_0.tcl
# Log file           : C:/Users/cfk30/OneDrive/Documents/ECE4910/thesis/flash_attn_vivado/flash_attn_vivado.runs/flashattn_bd_flashattn_0_0_synth_1/flashattn_bd_flashattn_0_0.vds
# Journal file       : C:/Users/cfk30/OneDrive/Documents/ECE4910/thesis/flash_attn_vivado/flash_attn_vivado.runs/flashattn_bd_flashattn_0_0_synth_1\vivado.jou
# Running On         : DESKTOP-I99LGQ1
# Platform           : Windows Server 2016 or Windows 10
# Operating System   : 19045
# Processor Detail   : 11th Gen Intel(R) Core(TM) i7-11700KF @ 3.60GHz
# CPU Frequency      : 3600 MHz
# CPU Physical cores : 8
# CPU Logical cores  : 16
# Host memory        : 34222 MB
# Swap memory        : 5100 MB
# Total Virtual      : 39322 MB
# Available Virtual  : 21165 MB
#-----------------------------------------------------------
source flashattn_bd_flashattn_0_0.tcl -notrace
